Copyright 1986-2021 Xilinx, Inc. All Rights Reserved.
------------------------------------------------------------------------------------
| Tool Version : Vivado v.2021.2 (lin64) Build 3367213 Tue Oct 19 02:47:39 MDT 2021
| Date         : Thu Dec 14 16:24:42 2023
| Host         : idris-HP-EliteBook-840-G3 running 64-bit Ubuntu 20.04.6 LTS
| Command      : report_control_sets -verbose -file ram_nn_control_sets_placed.rpt
| Design       : ram_nn
| Device       : xc7z020
------------------------------------------------------------------------------------

Control Set Information

Table of Contents
-----------------
1. Summary
2. Histogram
3. Flip-Flop Distribution
4. Detailed Control Set Information

1. Summary
----------

+----------------------------------------------------------+-------+
|                          Status                          | Count |
+----------------------------------------------------------+-------+
| Total control sets                                       |   243 |
|    Minimum number of control sets                        |   243 |
|    Addition due to synthesis replication                 |     0 |
|    Addition due to physical synthesis replication        |     0 |
| Unused register locations in slices containing registers |   158 |
+----------------------------------------------------------+-------+
* Control sets can be merged at opt_design using control_set_merge or merge_equivalent_drivers
** Run report_qor_suggestions for automated merging and remapping suggestions


2. Histogram
------------

+--------------------+-------+
|       Fanout       | Count |
+--------------------+-------+
| Total control sets |   243 |
| >= 0 to < 4        |     0 |
| >= 4 to < 6        |     8 |
| >= 6 to < 8        |    37 |
| >= 8 to < 10       |    95 |
| >= 10 to < 12      |     0 |
| >= 12 to < 14      |     6 |
| >= 14 to < 16      |     3 |
| >= 16              |    94 |
+--------------------+-------+
* Control sets can be remapped at either synth_design or opt_design


3. Flip-Flop Distribution
-------------------------

+--------------+-----------------------+------------------------+-----------------+--------------+
| Clock Enable | Synchronous Set/Reset | Asynchronous Set/Reset | Total Registers | Total Slices |
+--------------+-----------------------+------------------------+-----------------+--------------+
| No           | No                    | No                     |             338 |          176 |
| No           | No                    | Yes                    |               0 |            0 |
| No           | Yes                   | No                     |             193 |          105 |
| Yes          | No                    | No                     |             821 |          359 |
| Yes          | No                    | Yes                    |               0 |            0 |
| Yes          | Yes                   | No                     |            1866 |          605 |
+--------------+-----------------------+------------------------+-----------------+--------------+


4. Detailed Control Set Information
-----------------------------------

+------------------+-------------------------------------------------------------------------------------------------------------------------------+------------------------------------------------------------------------------------------------------------------------------+------------------+----------------+--------------+
|   Clock Signal   |                                                         Enable Signal                                                         |                                                       Set/Reset Signal                                                       | Slice Load Count | Bel Load Count | Bels / Slice |
+------------------+-------------------------------------------------------------------------------------------------------------------------------+------------------------------------------------------------------------------------------------------------------------------+------------------+----------------+--------------+
|  clk_i_IBUF_BUFG | gen_neural_network[1].gen_hidden_layer.ram_nn_layer_inst/actv_i_arbiter_inst/token                                            | reset_i_IBUF                                                                                                                 |                2 |              4 |         2.00 |
|  clk_i_IBUF_BUFG | gen_neural_network[2].gen_hidden_layer.ram_nn_layer_inst/wgt_arbiter_inst/token                                               | reset_i_IBUF                                                                                                                 |                2 |              4 |         2.00 |
|  clk_i_IBUF_BUFG | gen_neural_network[1].gen_hidden_layer.ram_nn_layer_inst/wgt_arbiter_inst/token                                               | reset_i_IBUF                                                                                                                 |                2 |              4 |         2.00 |
|  clk_i_IBUF_BUFG | gen_neural_network[2].gen_hidden_layer.ram_nn_layer_inst/mult_arbiter_inst/token                                              | reset_i_IBUF                                                                                                                 |                1 |              4 |         4.00 |
|  clk_i_IBUF_BUFG | gen_neural_network[1].gen_hidden_layer.ram_nn_layer_inst/actv_o_arbiter_inst/token                                            | reset_i_IBUF                                                                                                                 |                1 |              4 |         4.00 |
|  clk_i_IBUF_BUFG | gen_neural_network[2].gen_hidden_layer.ram_nn_layer_inst/actv_o_arbiter_inst/token                                            | reset_i_IBUF                                                                                                                 |                1 |              4 |         4.00 |
|  clk_i_IBUF_BUFG | gen_neural_network[2].gen_hidden_layer.ram_nn_layer_inst/actv_i_arbiter_inst/token                                            | reset_i_IBUF                                                                                                                 |                2 |              4 |         2.00 |
|  clk_i_IBUF_BUFG | gen_neural_network[1].gen_hidden_layer.ram_nn_layer_inst/mult_arbiter_inst/token                                              | reset_i_IBUF                                                                                                                 |                1 |              4 |         4.00 |
|  clk_i_IBUF_BUFG | gen_neural_network[0].gen_input_layer.ram_nn_layer_inst/gen_layer_neurons[19].neuron_ram_inst/counter[5]_i_2__18_n_0          | gen_neural_network[0].gen_input_layer.ram_nn_layer_inst/gen_layer_neurons[19].neuron_ram_inst/counter[5]_i_1__15_n_0         |                1 |              6 |         6.00 |
|  clk_i_IBUF_BUFG | gen_neural_network[0].gen_input_layer.ram_nn_layer_inst/gen_layer_neurons[25].neuron_ram_inst/counter[5]_i_2__24_n_0          | gen_neural_network[0].gen_input_layer.ram_nn_layer_inst/gen_layer_neurons[25].neuron_ram_inst/counter[5]_i_1__25_n_0         |                1 |              6 |         6.00 |
|  clk_i_IBUF_BUFG | gen_neural_network[0].gen_input_layer.ram_nn_layer_inst/gen_layer_neurons[24].neuron_ram_inst/counter[5]_i_2__23_n_0          | gen_neural_network[0].gen_input_layer.ram_nn_layer_inst/gen_layer_neurons[24].neuron_ram_inst/counter[5]_i_1__26_n_0         |                1 |              6 |         6.00 |
|  clk_i_IBUF_BUFG | gen_neural_network[0].gen_input_layer.ram_nn_layer_inst/gen_layer_neurons[23].neuron_ram_inst/counter[5]_i_2__22_n_0          | gen_neural_network[0].gen_input_layer.ram_nn_layer_inst/gen_layer_neurons[23].neuron_ram_inst/counter[5]_i_1__19_n_0         |                2 |              6 |         3.00 |
|  clk_i_IBUF_BUFG | gen_neural_network[0].gen_input_layer.ram_nn_layer_inst/gen_layer_neurons[21].neuron_ram_inst/counter[5]_i_2__20_n_0          | gen_neural_network[0].gen_input_layer.ram_nn_layer_inst/gen_layer_neurons[21].neuron_ram_inst/counter[5]_i_1__21_n_0         |                2 |              6 |         3.00 |
|  clk_i_IBUF_BUFG | gen_neural_network[0].gen_input_layer.ram_nn_layer_inst/gen_layer_neurons[3].neuron_ram_inst/counter[5]_i_2__2_n_0            | gen_neural_network[0].gen_input_layer.ram_nn_layer_inst/gen_layer_neurons[3].neuron_ram_inst/counter[5]_i_1_n_0              |                2 |              6 |         3.00 |
|  clk_i_IBUF_BUFG | gen_neural_network[0].gen_input_layer.ram_nn_layer_inst/gen_layer_neurons[20].neuron_ram_inst/counter[5]_i_2__19_n_0          | gen_neural_network[0].gen_input_layer.ram_nn_layer_inst/gen_layer_neurons[20].neuron_ram_inst/counter[5]_i_1__22_n_0         |                1 |              6 |         6.00 |
|  clk_i_IBUF_BUFG | gen_neural_network[0].gen_input_layer.ram_nn_layer_inst/gen_layer_neurons[14].neuron_ram_inst/counter[5]_i_2__13_n_0          | gen_neural_network[0].gen_input_layer.ram_nn_layer_inst/gen_layer_neurons[14].neuron_ram_inst/counter[5]_i_1__12_n_0         |                1 |              6 |         6.00 |
|  clk_i_IBUF_BUFG | gen_neural_network[0].gen_input_layer.ram_nn_layer_inst/gen_layer_neurons[18].neuron_ram_inst/counter[5]_i_2__17_n_0          | gen_neural_network[0].gen_input_layer.ram_nn_layer_inst/gen_layer_neurons[18].neuron_ram_inst/counter[5]_i_1__16_n_0         |                1 |              6 |         6.00 |
|  clk_i_IBUF_BUFG | gen_neural_network[0].gen_input_layer.ram_nn_layer_inst/gen_layer_neurons[17].neuron_ram_inst/counter[5]_i_2__16_n_0          | gen_neural_network[0].gen_input_layer.ram_nn_layer_inst/gen_layer_neurons[17].neuron_ram_inst/counter[5]_i_1__17_n_0         |                1 |              6 |         6.00 |
|  clk_i_IBUF_BUFG | gen_neural_network[0].gen_input_layer.ram_nn_layer_inst/gen_layer_neurons[16].neuron_ram_inst/counter[5]_i_2__15_n_0          | gen_neural_network[0].gen_input_layer.ram_nn_layer_inst/gen_layer_neurons[16].neuron_ram_inst/counter[5]_i_1__18_n_0         |                1 |              6 |         6.00 |
|  clk_i_IBUF_BUFG | gen_neural_network[0].gen_input_layer.ram_nn_layer_inst/gen_layer_neurons[15].neuron_ram_inst/counter[5]_i_2__14_n_0          | gen_neural_network[0].gen_input_layer.ram_nn_layer_inst/gen_layer_neurons[15].neuron_ram_inst/counter[5]_i_1__11_n_0         |                2 |              6 |         3.00 |
|  clk_i_IBUF_BUFG | gen_neural_network[0].gen_input_layer.ram_nn_layer_inst/gen_layer_neurons[22].neuron_ram_inst/counter[5]_i_2__21_n_0          | gen_neural_network[0].gen_input_layer.ram_nn_layer_inst/gen_layer_neurons[22].neuron_ram_inst/counter[5]_i_1__20_n_0         |                1 |              6 |         6.00 |
|  clk_i_IBUF_BUFG | gen_neural_network[0].gen_input_layer.ram_nn_layer_inst/gen_layer_neurons[32].neuron_ram_inst/counter[5]_i_2__31_n_0          | gen_neural_network[0].gen_input_layer.ram_nn_layer_inst/gen_layer_neurons[32].neuron_ram_inst/counter[5]_i_1__34_n_0         |                2 |              6 |         3.00 |
|  clk_i_IBUF_BUFG | gen_neural_network[0].gen_input_layer.ram_nn_layer_inst/gen_layer_neurons[6].neuron_ram_inst/counter[5]_i_2__5_n_0            | gen_neural_network[0].gen_input_layer.ram_nn_layer_inst/gen_layer_neurons[6].neuron_ram_inst/counter[5]_i_1__4_n_0           |                2 |              6 |         3.00 |
|  clk_i_IBUF_BUFG | gen_neural_network[0].gen_input_layer.ram_nn_layer_inst/gen_layer_neurons[5].neuron_ram_inst/counter[5]_i_2__4_n_0            | gen_neural_network[0].gen_input_layer.ram_nn_layer_inst/gen_layer_neurons[5].neuron_ram_inst/counter[5]_i_1__5_n_0           |                2 |              6 |         3.00 |
|  clk_i_IBUF_BUFG | gen_neural_network[0].gen_input_layer.ram_nn_layer_inst/gen_layer_neurons[7].neuron_ram_inst/counter[5]_i_2__6_n_0            | gen_neural_network[0].gen_input_layer.ram_nn_layer_inst/gen_layer_neurons[7].neuron_ram_inst/counter[5]_i_1__3_n_0           |                1 |              6 |         6.00 |
|  clk_i_IBUF_BUFG | gen_neural_network[0].gen_input_layer.ram_nn_layer_inst/gen_layer_neurons[36].neuron_ram_inst/counter[5]_i_2__35_n_0          | gen_neural_network[0].gen_input_layer.ram_nn_layer_inst/gen_layer_neurons[36].neuron_ram_inst/counter[5]_i_1__35_n_0         |                2 |              6 |         3.00 |
|  clk_i_IBUF_BUFG | gen_neural_network[0].gen_input_layer.ram_nn_layer_inst/gen_layer_neurons[35].neuron_ram_inst/counter[5]_i_2__34_n_0          | gen_neural_network[0].gen_input_layer.ram_nn_layer_inst/gen_layer_neurons[35].neuron_ram_inst/counter[5]_i_1__31_n_0         |                1 |              6 |         6.00 |
|  clk_i_IBUF_BUFG | gen_neural_network[0].gen_input_layer.ram_nn_layer_inst/gen_layer_neurons[34].neuron_ram_inst/counter[5]_i_2__33_n_0          | gen_neural_network[0].gen_input_layer.ram_nn_layer_inst/gen_layer_neurons[34].neuron_ram_inst/counter[5]_i_1__32_n_0         |                3 |              6 |         2.00 |
|  clk_i_IBUF_BUFG | gen_neural_network[0].gen_input_layer.ram_nn_layer_inst/gen_layer_neurons[8].neuron_ram_inst/counter[5]_i_2__7_n_0            | gen_neural_network[0].gen_input_layer.ram_nn_layer_inst/gen_layer_neurons[8].neuron_ram_inst/counter[5]_i_1__10_n_0          |                2 |              6 |         3.00 |
|  clk_i_IBUF_BUFG | gen_neural_network[0].gen_input_layer.ram_nn_layer_inst/gen_layer_neurons[33].neuron_ram_inst/counter[5]_i_2__32_n_0          | gen_neural_network[0].gen_input_layer.ram_nn_layer_inst/gen_layer_neurons[33].neuron_ram_inst/counter[5]_i_1__33_n_0         |                2 |              6 |         3.00 |
|  clk_i_IBUF_BUFG | gen_neural_network[0].gen_input_layer.ram_nn_layer_inst/gen_layer_neurons[26].neuron_ram_inst/counter[5]_i_2__25_n_0          | gen_neural_network[0].gen_input_layer.ram_nn_layer_inst/gen_layer_neurons[26].neuron_ram_inst/counter[5]_i_1__24_n_0         |                1 |              6 |         6.00 |
|  clk_i_IBUF_BUFG | gen_neural_network[0].gen_input_layer.ram_nn_layer_inst/gen_layer_neurons[9].neuron_ram_inst/counter[5]_i_2__8_n_0            | gen_neural_network[0].gen_input_layer.ram_nn_layer_inst/gen_layer_neurons[9].neuron_ram_inst/counter[5]_i_1__9_n_0           |                2 |              6 |         3.00 |
|  clk_i_IBUF_BUFG | gen_neural_network[0].gen_input_layer.ram_nn_layer_inst/gen_layer_neurons[31].neuron_ram_inst/counter[5]_i_2__30_n_0          | gen_neural_network[0].gen_input_layer.ram_nn_layer_inst/gen_layer_neurons[31].neuron_ram_inst/counter[5]_i_1__27_n_0         |                1 |              6 |         6.00 |
|  clk_i_IBUF_BUFG | gen_neural_network[0].gen_input_layer.ram_nn_layer_inst/gen_layer_neurons[4].neuron_ram_inst/counter[5]_i_2__3_n_0            | gen_neural_network[0].gen_input_layer.ram_nn_layer_inst/gen_layer_neurons[4].neuron_ram_inst/counter[5]_i_1__6_n_0           |                2 |              6 |         3.00 |
|  clk_i_IBUF_BUFG | gen_neural_network[0].gen_input_layer.ram_nn_layer_inst/gen_layer_neurons[30].neuron_ram_inst/counter[5]_i_2__29_n_0          | gen_neural_network[0].gen_input_layer.ram_nn_layer_inst/gen_layer_neurons[30].neuron_ram_inst/counter[5]_i_1__28_n_0         |                1 |              6 |         6.00 |
|  clk_i_IBUF_BUFG | gen_neural_network[0].gen_input_layer.ram_nn_layer_inst/gen_layer_neurons[10].neuron_ram_inst/counter[5]_i_2__9_n_0           | gen_neural_network[0].gen_input_layer.ram_nn_layer_inst/gen_layer_neurons[10].neuron_ram_inst/counter[5]_i_1__8_n_0          |                1 |              6 |         6.00 |
|  clk_i_IBUF_BUFG | gen_neural_network[0].gen_input_layer.ram_nn_layer_inst/gen_layer_neurons[29].neuron_ram_inst/counter[5]_i_2__28_n_0          | gen_neural_network[0].gen_input_layer.ram_nn_layer_inst/gen_layer_neurons[29].neuron_ram_inst/counter[5]_i_1__29_n_0         |                1 |              6 |         6.00 |
|  clk_i_IBUF_BUFG | gen_neural_network[0].gen_input_layer.ram_nn_layer_inst/gen_layer_neurons[28].neuron_ram_inst/counter[5]_i_2__27_n_0          | gen_neural_network[0].gen_input_layer.ram_nn_layer_inst/gen_layer_neurons[28].neuron_ram_inst/counter[5]_i_1__30_n_0         |                2 |              6 |         3.00 |
|  clk_i_IBUF_BUFG | gen_neural_network[0].gen_input_layer.ram_nn_layer_inst/gen_layer_neurons[27].neuron_ram_inst/counter[5]_i_2__26_n_0          | gen_neural_network[0].gen_input_layer.ram_nn_layer_inst/gen_layer_neurons[27].neuron_ram_inst/counter[5]_i_1__23_n_0         |                1 |              6 |         6.00 |
|  clk_i_IBUF_BUFG | gen_neural_network[0].gen_input_layer.ram_nn_layer_inst/gen_layer_neurons[12].neuron_ram_inst/counter[5]_i_2__11_n_0          | gen_neural_network[0].gen_input_layer.ram_nn_layer_inst/gen_layer_neurons[12].neuron_ram_inst/counter[5]_i_1__14_n_0         |                1 |              6 |         6.00 |
|  clk_i_IBUF_BUFG | gen_neural_network[0].gen_input_layer.ram_nn_layer_inst/gen_layer_neurons[0].neuron_ram_inst/counter[5]_i_2_n_0               | gen_neural_network[0].gen_input_layer.ram_nn_layer_inst/gen_layer_neurons[0].neuron_ram_inst/counter[5]_i_1__2_n_0           |                1 |              6 |         6.00 |
|  clk_i_IBUF_BUFG | gen_neural_network[0].gen_input_layer.ram_nn_layer_inst/gen_layer_neurons[11].neuron_ram_inst/counter[5]_i_2__10_n_0          | gen_neural_network[0].gen_input_layer.ram_nn_layer_inst/gen_layer_neurons[11].neuron_ram_inst/counter[5]_i_1__7_n_0          |                2 |              6 |         3.00 |
|  clk_i_IBUF_BUFG | gen_neural_network[0].gen_input_layer.ram_nn_layer_inst/gen_layer_neurons[2].neuron_ram_inst/counter[5]_i_2__1_n_0            | gen_neural_network[0].gen_input_layer.ram_nn_layer_inst/gen_layer_neurons[2].neuron_ram_inst/counter[5]_i_1__0_n_0           |                1 |              6 |         6.00 |
|  clk_i_IBUF_BUFG | gen_neural_network[0].gen_input_layer.ram_nn_layer_inst/gen_layer_neurons[1].neuron_ram_inst/counter[5]_i_2__0_n_0            | gen_neural_network[0].gen_input_layer.ram_nn_layer_inst/gen_layer_neurons[1].neuron_ram_inst/counter[5]_i_1__1_n_0           |                2 |              6 |         3.00 |
|  clk_i_IBUF_BUFG | gen_neural_network[0].gen_input_layer.ram_nn_layer_inst/gen_layer_neurons[13].neuron_ram_inst/counter[5]_i_2__12_n_0          | gen_neural_network[0].gen_input_layer.ram_nn_layer_inst/gen_layer_neurons[13].neuron_ram_inst/counter[5]_i_1__13_n_0         |                3 |              6 |         2.00 |
|  clk_i_IBUF_BUFG | gen_neural_network[0].gen_input_layer.ram_nn_layer_inst/gen_layer_neurons[0].neuron_ram_inst/out_actv_dout_o[7]_i_2__17_n_0   | gen_neural_network[0].gen_input_layer.ram_nn_layer_inst/gen_layer_neurons[0].neuron_ram_inst/out_actv_dout_o[7]_i_1_n_0      |                3 |              8 |         2.67 |
|  clk_i_IBUF_BUFG | gen_neural_network[0].gen_input_layer.ram_nn_layer_inst/gen_layer_neurons[29].neuron_ram_inst/FSM_onehot_state[7]_i_1__28_n_0 | reset_i_IBUF                                                                                                                 |                2 |              8 |         4.00 |
|  clk_i_IBUF_BUFG | gen_neural_network[0].gen_input_layer.ram_nn_layer_inst/gen_layer_neurons[1].neuron_ram_inst/FSM_onehot_state[7]_i_1__0_n_0   | reset_i_IBUF                                                                                                                 |                2 |              8 |         4.00 |
|  clk_i_IBUF_BUFG | gen_neural_network[0].gen_input_layer.ram_nn_layer_inst/gen_layer_neurons[29].neuron_ram_inst/out_actv_dout_o[7]_i_2__0_n_0   | gen_neural_network[0].gen_input_layer.ram_nn_layer_inst/gen_layer_neurons[29].neuron_ram_inst/out_actv_dout_o[7]_i_1__1_n_0  |                4 |              8 |         2.00 |
|  clk_i_IBUF_BUFG | gen_neural_network[2].gen_hidden_layer.ram_nn_layer_inst/gen_layer_neurons[2].neuron_ram_inst/FSM_onehot_state[7]_i_1__42_n_0 | reset_i_IBUF                                                                                                                 |                2 |              8 |         4.00 |
|  clk_i_IBUF_BUFG | gen_neural_network[0].gen_input_layer.ram_nn_layer_inst/gen_layer_neurons[30].neuron_ram_inst/FSM_onehot_state[7]_i_1__29_n_0 | reset_i_IBUF                                                                                                                 |                2 |              8 |         4.00 |
|  clk_i_IBUF_BUFG | gen_neural_network[0].gen_input_layer.ram_nn_layer_inst/gen_layer_neurons[28].neuron_ram_inst/out_actv_dout_o[7]_i_2__14_n_0  | gen_neural_network[0].gen_input_layer.ram_nn_layer_inst/gen_layer_neurons[28].neuron_ram_inst/out_actv_dout_o[7]_i_1__15_n_0 |                2 |              8 |         4.00 |
|  clk_i_IBUF_BUFG | gen_neural_network[0].gen_input_layer.ram_nn_layer_inst/gen_layer_neurons[10].neuron_ram_inst/FSM_onehot_state[7]_i_1__9_n_0  | reset_i_IBUF                                                                                                                 |                2 |              8 |         4.00 |
|  clk_i_IBUF_BUFG | gen_neural_network[0].gen_input_layer.ram_nn_layer_inst/gen_layer_neurons[30].neuron_ram_inst/out_actv_dout_o[7]_i_2__19_n_0  | gen_neural_network[0].gen_input_layer.ram_nn_layer_inst/gen_layer_neurons[30].neuron_ram_inst/out_actv_dout_o[7]_i_1__19_n_0 |                2 |              8 |         4.00 |
|  clk_i_IBUF_BUFG | gen_neural_network[0].gen_input_layer.ram_nn_layer_inst/gen_layer_neurons[4].neuron_ram_inst/FSM_onehot_state[7]_i_1__3_n_0   | reset_i_IBUF                                                                                                                 |                3 |              8 |         2.67 |
|  clk_i_IBUF_BUFG | gen_neural_network[0].gen_input_layer.ram_nn_layer_inst/gen_layer_neurons[9].neuron_ram_inst/out_actv_dout_o[7]_i_2__5_n_0    | gen_neural_network[0].gen_input_layer.ram_nn_layer_inst/gen_layer_neurons[9].neuron_ram_inst/out_actv_dout_o[7]_i_1__6_n_0   |                1 |              8 |         8.00 |
|  clk_i_IBUF_BUFG | gen_neural_network[0].gen_input_layer.ram_nn_layer_inst/gen_layer_neurons[4].neuron_ram_inst/out_actv_dout_o[7]_i_2__8_n_0    | gen_neural_network[0].gen_input_layer.ram_nn_layer_inst/gen_layer_neurons[4].neuron_ram_inst/out_actv_dout_o[7]_i_1__9_n_0   |                3 |              8 |         2.67 |
|  clk_i_IBUF_BUFG | gen_neural_network[0].gen_input_layer.ram_nn_layer_inst/gen_layer_neurons[10].neuron_ram_inst/out_actv_dout_o[7]_i_2__24_n_0  | gen_neural_network[0].gen_input_layer.ram_nn_layer_inst/gen_layer_neurons[10].neuron_ram_inst/out_actv_dout_o[7]_i_1__24_n_0 |                3 |              8 |         2.67 |
|  clk_i_IBUF_BUFG | gen_neural_network[0].gen_input_layer.ram_nn_layer_inst/gen_layer_neurons[24].neuron_ram_inst/out_actv_dout_o[7]_i_2__13_n_0  | gen_neural_network[0].gen_input_layer.ram_nn_layer_inst/gen_layer_neurons[24].neuron_ram_inst/out_actv_dout_o[7]_i_1__14_n_0 |                2 |              8 |         4.00 |
|  clk_i_IBUF_BUFG | gen_neural_network[0].gen_input_layer.ram_nn_layer_inst/gen_layer_neurons[28].neuron_ram_inst/FSM_onehot_state[7]_i_1__27_n_0 | reset_i_IBUF                                                                                                                 |                2 |              8 |         4.00 |
|  clk_i_IBUF_BUFG | gen_neural_network[0].gen_input_layer.ram_nn_layer_inst/gen_layer_neurons[27].neuron_ram_inst/out_actv_dout_o[7]_i_2__33_n_0  | gen_neural_network[0].gen_input_layer.ram_nn_layer_inst/gen_layer_neurons[27].neuron_ram_inst/out_actv_dout_o[7]_i_1__33_n_0 |                2 |              8 |         4.00 |
|  clk_i_IBUF_BUFG | gen_neural_network[0].gen_input_layer.ram_nn_layer_inst/gen_layer_neurons[1].neuron_ram_inst/out_actv_dout_o[7]_i_2__7_n_0    | gen_neural_network[0].gen_input_layer.ram_nn_layer_inst/gen_layer_neurons[1].neuron_ram_inst/out_actv_dout_o[7]_i_1__8_n_0   |                2 |              8 |         4.00 |
|  clk_i_IBUF_BUFG | gen_neural_network[0].gen_input_layer.ram_nn_layer_inst/gen_layer_neurons[27].neuron_ram_inst/FSM_onehot_state[7]_i_1__26_n_0 | reset_i_IBUF                                                                                                                 |                2 |              8 |         4.00 |
|  clk_i_IBUF_BUFG | gen_neural_network[2].gen_hidden_layer.ram_nn_layer_inst/gen_layer_neurons[1].neuron_ram_inst/out_actv_dout_o[7]_i_2__42_n_0  | gen_neural_network[2].gen_hidden_layer.ram_nn_layer_inst/gen_layer_neurons[1].neuron_ram_inst/out_actv_dout_o[7]_i_1__41_n_0 |                2 |              8 |         4.00 |
|  clk_i_IBUF_BUFG | gen_neural_network[0].gen_input_layer.ram_nn_layer_inst/gen_layer_neurons[26].neuron_ram_inst/out_actv_dout_o[7]_i_2__20_n_0  | gen_neural_network[0].gen_input_layer.ram_nn_layer_inst/gen_layer_neurons[26].neuron_ram_inst/out_actv_dout_o[7]_i_1__20_n_0 |                2 |              8 |         4.00 |
|  clk_i_IBUF_BUFG | gen_neural_network[0].gen_input_layer.ram_nn_layer_inst/gen_layer_neurons[2].neuron_ram_inst/FSM_onehot_state[7]_i_1__1_n_0   | reset_i_IBUF                                                                                                                 |                2 |              8 |         4.00 |
|  clk_i_IBUF_BUFG | gen_neural_network[0].gen_input_layer.ram_nn_layer_inst/gen_layer_neurons[25].neuron_ram_inst/out_actv_dout_o[7]_i_2__1_n_0   | gen_neural_network[0].gen_input_layer.ram_nn_layer_inst/gen_layer_neurons[25].neuron_ram_inst/out_actv_dout_o[7]_i_1__2_n_0  |                4 |              8 |         2.00 |
|  clk_i_IBUF_BUFG | gen_neural_network[0].gen_input_layer.ram_nn_layer_inst/gen_layer_neurons[2].neuron_ram_inst/out_actv_dout_o[7]_i_2__26_n_0   | gen_neural_network[0].gen_input_layer.ram_nn_layer_inst/gen_layer_neurons[2].neuron_ram_inst/out_actv_dout_o[7]_i_1__26_n_0  |                5 |              8 |         1.60 |
|  clk_i_IBUF_BUFG | gen_neural_network[0].gen_input_layer.ram_nn_layer_inst/gen_layer_neurons[25].neuron_ram_inst/FSM_onehot_state[7]_i_1__24_n_0 | reset_i_IBUF                                                                                                                 |                3 |              8 |         2.67 |
|  clk_i_IBUF_BUFG | gen_neural_network[0].gen_input_layer.ram_nn_layer_inst/gen_layer_neurons[26].neuron_ram_inst/FSM_onehot_state[7]_i_1__25_n_0 | reset_i_IBUF                                                                                                                 |                2 |              8 |         4.00 |
|  clk_i_IBUF_BUFG | gen_neural_network[0].gen_input_layer.ram_nn_layer_inst/gen_layer_neurons[35].neuron_ram_inst/FSM_onehot_state[7]_i_1__34_n_0 | reset_i_IBUF                                                                                                                 |                2 |              8 |         4.00 |
|  clk_i_IBUF_BUFG | gen_neural_network[2].gen_hidden_layer.ram_nn_layer_inst/gen_layer_neurons[3].neuron_ram_inst/out_actv_dout_o[7]_i_2__43_n_0  | gen_neural_network[2].gen_hidden_layer.ram_nn_layer_inst/gen_layer_neurons[3].neuron_ram_inst/out_actv_dout_o[7]_i_1__42_n_0 |                2 |              8 |         4.00 |
|  clk_i_IBUF_BUFG | gen_neural_network[0].gen_input_layer.ram_nn_layer_inst/gen_layer_neurons[6].neuron_ram_inst/FSM_onehot_state[7]_i_1__5_n_0   | reset_i_IBUF                                                                                                                 |                2 |              8 |         4.00 |
|  clk_i_IBUF_BUFG | gen_neural_network[0].gen_input_layer.ram_nn_layer_inst/gen_layer_neurons[6].neuron_ram_inst/out_actv_dout_o[7]_i_2__25_n_0   | gen_neural_network[0].gen_input_layer.ram_nn_layer_inst/gen_layer_neurons[6].neuron_ram_inst/out_actv_dout_o[7]_i_1__25_n_0  |                2 |              8 |         4.00 |
|  clk_i_IBUF_BUFG | gen_neural_network[0].gen_input_layer.ram_nn_layer_inst/gen_layer_neurons[5].neuron_ram_inst/out_actv_dout_o[7]_i_2__6_n_0    | gen_neural_network[0].gen_input_layer.ram_nn_layer_inst/gen_layer_neurons[5].neuron_ram_inst/out_actv_dout_o[7]_i_1__7_n_0   |                2 |              8 |         4.00 |
|  clk_i_IBUF_BUFG | gen_neural_network[2].gen_hidden_layer.ram_nn_layer_inst/gen_layer_neurons[3].neuron_ram_inst/mult_b_o[7]_i_1_n_0             |                                                                                                                              |                3 |              8 |         2.67 |
|  clk_i_IBUF_BUFG | gen_neural_network[0].gen_input_layer.ram_nn_layer_inst/gen_layer_neurons[5].neuron_ram_inst/FSM_onehot_state[7]_i_1__4_n_0   | reset_i_IBUF                                                                                                                 |                1 |              8 |         8.00 |
|  clk_i_IBUF_BUFG | gen_neural_network[0].gen_input_layer.ram_nn_layer_inst/gen_layer_neurons[7].neuron_ram_inst/FSM_onehot_state[7]_i_1__6_n_0   | reset_i_IBUF                                                                                                                 |                2 |              8 |         4.00 |
|  clk_i_IBUF_BUFG | gen_neural_network[0].gen_input_layer.ram_nn_layer_inst/gen_layer_neurons[36].neuron_ram_inst/out_actv_dout_o[7]_i_2__16_n_0  | gen_neural_network[0].gen_input_layer.ram_nn_layer_inst/gen_layer_neurons[36].neuron_ram_inst/out_actv_dout_o[7]_i_1__17_n_0 |                4 |              8 |         2.00 |
|  clk_i_IBUF_BUFG | gen_neural_network[2].gen_hidden_layer.ram_nn_layer_inst/gen_layer_neurons[3].neuron_ram_inst/FSM_onehot_state[7]_i_1__43_n_0 | reset_i_IBUF                                                                                                                 |                3 |              8 |         2.67 |
|  clk_i_IBUF_BUFG | gen_neural_network[0].gen_input_layer.ram_nn_layer_inst/gen_layer_neurons[36].neuron_ram_inst/FSM_onehot_state[7]_i_1__35_n_0 | reset_i_IBUF                                                                                                                 |                2 |              8 |         4.00 |
|  clk_i_IBUF_BUFG | gen_neural_network[0].gen_input_layer.ram_nn_layer_inst/gen_layer_neurons[35].neuron_ram_inst/out_actv_dout_o[7]_i_2__35_n_0  | gen_neural_network[0].gen_input_layer.ram_nn_layer_inst/gen_layer_neurons[35].neuron_ram_inst/out_actv_dout_o[7]_i_1__35_n_0 |                4 |              8 |         2.00 |
|  clk_i_IBUF_BUFG | gen_neural_network[0].gen_input_layer.ram_nn_layer_inst/gen_layer_neurons[7].neuron_ram_inst/out_actv_dout_o[7]_i_2__28_n_0   | gen_neural_network[0].gen_input_layer.ram_nn_layer_inst/gen_layer_neurons[7].neuron_ram_inst/out_actv_dout_o[7]_i_1__28_n_0  |                2 |              8 |         4.00 |
|  clk_i_IBUF_BUFG | gen_neural_network[2].gen_hidden_layer.ram_nn_layer_inst/gen_layer_neurons[2].neuron_ram_inst/out_actv_dout_o[7]_i_2__36_n_0  | gen_neural_network[2].gen_hidden_layer.ram_nn_layer_inst/gen_layer_neurons[2].neuron_ram_inst/out_actv_dout_o[7]_i_1__43_n_0 |                3 |              8 |         2.67 |
|  clk_i_IBUF_BUFG | gen_neural_network[0].gen_input_layer.ram_nn_layer_inst/gen_layer_neurons[31].neuron_ram_inst/FSM_onehot_state[7]_i_1__30_n_0 | reset_i_IBUF                                                                                                                 |                2 |              8 |         4.00 |
|  clk_i_IBUF_BUFG | gen_neural_network[0].gen_input_layer.ram_nn_layer_inst/gen_layer_neurons[34].neuron_ram_inst/out_actv_dout_o[7]_i_2__18_n_0  | gen_neural_network[0].gen_input_layer.ram_nn_layer_inst/gen_layer_neurons[34].neuron_ram_inst/out_actv_dout_o[7]_i_1__18_n_0 |                3 |              8 |         2.67 |
|  clk_i_IBUF_BUFG | gen_neural_network[0].gen_input_layer.ram_nn_layer_inst/gen_layer_neurons[8].neuron_ram_inst/FSM_onehot_state[7]_i_1__7_n_0   | reset_i_IBUF                                                                                                                 |                2 |              8 |         4.00 |
|  clk_i_IBUF_BUFG | gen_neural_network[0].gen_input_layer.ram_nn_layer_inst/gen_layer_neurons[34].neuron_ram_inst/FSM_onehot_state[7]_i_1__33_n_0 | reset_i_IBUF                                                                                                                 |                2 |              8 |         4.00 |
|  clk_i_IBUF_BUFG | gen_neural_network[0].gen_input_layer.ram_nn_layer_inst/mul_inst/done_i_1_n_0                                                 | reset_i_IBUF                                                                                                                 |                3 |              8 |         2.67 |
|  clk_i_IBUF_BUFG | gen_neural_network[0].gen_input_layer.ram_nn_layer_inst/gen_layer_neurons[33].neuron_ram_inst/out_actv_dout_o[7]_i_2_n_0      | gen_neural_network[0].gen_input_layer.ram_nn_layer_inst/gen_layer_neurons[33].neuron_ram_inst/out_actv_dout_o[7]_i_1__0_n_0  |                3 |              8 |         2.67 |
|  clk_i_IBUF_BUFG | gen_neural_network[0].gen_input_layer.ram_nn_layer_inst/gen_layer_neurons[33].neuron_ram_inst/FSM_onehot_state[7]_i_1__32_n_0 | reset_i_IBUF                                                                                                                 |                2 |              8 |         4.00 |
|  clk_i_IBUF_BUFG | gen_neural_network[0].gen_input_layer.ram_nn_layer_inst/gen_layer_neurons[8].neuron_ram_inst/out_actv_dout_o[7]_i_2__9_n_0    | gen_neural_network[0].gen_input_layer.ram_nn_layer_inst/gen_layer_neurons[8].neuron_ram_inst/out_actv_dout_o[7]_i_1__10_n_0  |                5 |              8 |         1.60 |
|  clk_i_IBUF_BUFG | gen_neural_network[0].gen_input_layer.ram_nn_layer_inst/gen_layer_neurons[32].neuron_ram_inst/out_actv_dout_o[7]_i_2__15_n_0  | gen_neural_network[0].gen_input_layer.ram_nn_layer_inst/gen_layer_neurons[32].neuron_ram_inst/out_actv_dout_o[7]_i_1__16_n_0 |                2 |              8 |         4.00 |
|  clk_i_IBUF_BUFG | gen_neural_network[0].gen_input_layer.ram_nn_layer_inst/gen_layer_neurons[32].neuron_ram_inst/FSM_onehot_state[7]_i_1__31_n_0 | reset_i_IBUF                                                                                                                 |                1 |              8 |         8.00 |
|  clk_i_IBUF_BUFG | gen_neural_network[0].gen_input_layer.ram_nn_layer_inst/gen_layer_neurons[9].neuron_ram_inst/FSM_onehot_state[7]_i_1__8_n_0   | reset_i_IBUF                                                                                                                 |                2 |              8 |         4.00 |
|  clk_i_IBUF_BUFG | gen_neural_network[0].gen_input_layer.ram_nn_layer_inst/gen_layer_neurons[31].neuron_ram_inst/out_actv_dout_o[7]_i_2__34_n_0  | gen_neural_network[0].gen_input_layer.ram_nn_layer_inst/gen_layer_neurons[31].neuron_ram_inst/out_actv_dout_o[7]_i_1__34_n_0 |                2 |              8 |         4.00 |
|  clk_i_IBUF_BUFG | gen_neural_network[0].gen_input_layer.ram_nn_layer_inst/gen_layer_neurons[0].neuron_ram_inst/FSM_onehot_state[7]_i_1_n_0      | reset_i_IBUF                                                                                                                 |                2 |              8 |         4.00 |
|  clk_i_IBUF_BUFG | gen_neural_network[1].gen_hidden_layer.ram_nn_layer_inst/gen_layer_neurons[3].neuron_ram_inst/out_actv_dout_o[7]_i_2__38_n_0  | gen_neural_network[1].gen_hidden_layer.ram_nn_layer_inst/gen_layer_neurons[3].neuron_ram_inst/out_actv_dout_o[7]_i_1__38_n_0 |                2 |              8 |         4.00 |
|  clk_i_IBUF_BUFG | gen_neural_network[0].gen_input_layer.ram_nn_layer_inst/gen_layer_neurons[3].neuron_ram_inst/FSM_onehot_state[7]_i_1__2_n_0   | reset_i_IBUF                                                                                                                 |                2 |              8 |         4.00 |
|  clk_i_IBUF_BUFG | gen_neural_network[1].gen_hidden_layer.ram_nn_layer_inst/gen_layer_neurons[2].neuron_ram_inst/FSM_onehot_state[7]_i_1__38_n_0 | reset_i_IBUF                                                                                                                 |                3 |              8 |         2.67 |
|  clk_i_IBUF_BUFG | gen_neural_network[0].gen_input_layer.ram_nn_layer_inst/gen_layer_neurons[20].neuron_ram_inst/out_actv_dout_o[7]_i_2__12_n_0  | gen_neural_network[0].gen_input_layer.ram_nn_layer_inst/gen_layer_neurons[20].neuron_ram_inst/out_actv_dout_o[7]_i_1__13_n_0 |                1 |              8 |         8.00 |
|  clk_i_IBUF_BUFG | gen_neural_network[0].gen_input_layer.ram_nn_layer_inst/gen_layer_neurons[11].neuron_ram_inst/out_actv_dout_o[7]_i_2__29_n_0  | gen_neural_network[0].gen_input_layer.ram_nn_layer_inst/gen_layer_neurons[11].neuron_ram_inst/out_actv_dout_o[7]_i_1__29_n_0 |                3 |              8 |         2.67 |
|  clk_i_IBUF_BUFG | gen_neural_network[0].gen_input_layer.ram_nn_layer_inst/gen_layer_neurons[20].neuron_ram_inst/FSM_onehot_state[7]_i_1__19_n_0 | reset_i_IBUF                                                                                                                 |                2 |              8 |         4.00 |
|  clk_i_IBUF_BUFG | gen_neural_network[1].gen_hidden_layer.ram_nn_layer_inst/gen_layer_neurons[2].neuron_ram_inst/out_actv_dout_o[7]_i_2__41_n_0  | gen_neural_network[1].gen_hidden_layer.ram_nn_layer_inst/gen_layer_neurons[2].neuron_ram_inst/out_actv_dout_o[7]_i_1__39_n_0 |                2 |              8 |         4.00 |
|  clk_i_IBUF_BUFG | gen_neural_network[0].gen_input_layer.ram_nn_layer_inst/gen_layer_neurons[19].neuron_ram_inst/out_actv_dout_o[7]_i_2__31_n_0  | gen_neural_network[0].gen_input_layer.ram_nn_layer_inst/gen_layer_neurons[19].neuron_ram_inst/out_actv_dout_o[7]_i_1__31_n_0 |                4 |              8 |         2.00 |
|  clk_i_IBUF_BUFG | gen_neural_network[2].gen_hidden_layer.ram_nn_layer_inst/gen_layer_neurons[0].neuron_ram_inst/out_actv_dout_o[7]_i_2__37_n_0  | gen_neural_network[2].gen_hidden_layer.ram_nn_layer_inst/gen_layer_neurons[0].neuron_ram_inst/out_actv_dout_o[7]_i_1__40_n_0 |                2 |              8 |         4.00 |
|  clk_i_IBUF_BUFG | gen_neural_network[0].gen_input_layer.ram_nn_layer_inst/gen_layer_neurons[19].neuron_ram_inst/FSM_onehot_state[7]_i_1__18_n_0 | reset_i_IBUF                                                                                                                 |                3 |              8 |         2.67 |
|  clk_i_IBUF_BUFG | gen_neural_network[1].gen_hidden_layer.ram_nn_layer_inst/gen_layer_neurons[3].neuron_ram_inst/FSM_onehot_state[7]_i_1__39_n_0 | reset_i_IBUF                                                                                                                 |                1 |              8 |         8.00 |
|  clk_i_IBUF_BUFG | gen_neural_network[0].gen_input_layer.ram_nn_layer_inst/gen_layer_neurons[18].neuron_ram_inst/out_actv_dout_o[7]_i_2__22_n_0  | gen_neural_network[0].gen_input_layer.ram_nn_layer_inst/gen_layer_neurons[18].neuron_ram_inst/out_actv_dout_o[7]_i_1__22_n_0 |                3 |              8 |         2.67 |
|  clk_i_IBUF_BUFG | gen_neural_network[1].gen_hidden_layer.ram_nn_layer_inst/gen_layer_neurons[3].neuron_ram_inst/mult_b_o[7]_i_1__0_n_0          |                                                                                                                              |                3 |              8 |         2.67 |
|  clk_i_IBUF_BUFG | gen_neural_network[0].gen_input_layer.ram_nn_layer_inst/gen_layer_neurons[12].neuron_ram_inst/FSM_onehot_state[7]_i_1__11_n_0 | reset_i_IBUF                                                                                                                 |                2 |              8 |         4.00 |
|  clk_i_IBUF_BUFG | gen_neural_network[0].gen_input_layer.ram_nn_layer_inst/gen_layer_neurons[18].neuron_ram_inst/FSM_onehot_state[7]_i_1__17_n_0 | reset_i_IBUF                                                                                                                 |                4 |              8 |         2.00 |
|  clk_i_IBUF_BUFG | gen_neural_network[2].gen_hidden_layer.ram_nn_layer_inst/gen_layer_neurons[1].neuron_ram_inst/FSM_onehot_state[7]_i_1__41_n_0 | reset_i_IBUF                                                                                                                 |                2 |              8 |         4.00 |
|  clk_i_IBUF_BUFG | gen_neural_network[0].gen_input_layer.ram_nn_layer_inst/gen_layer_neurons[17].neuron_ram_inst/out_actv_dout_o[7]_i_2__3_n_0   | gen_neural_network[0].gen_input_layer.ram_nn_layer_inst/gen_layer_neurons[17].neuron_ram_inst/out_actv_dout_o[7]_i_1__4_n_0  |                4 |              8 |         2.00 |
|  clk_i_IBUF_BUFG | gen_neural_network[0].gen_input_layer.ram_nn_layer_inst/gen_layer_neurons[17].neuron_ram_inst/FSM_onehot_state[7]_i_1__16_n_0 | reset_i_IBUF                                                                                                                 |                2 |              8 |         4.00 |
|  clk_i_IBUF_BUFG | gen_neural_network[0].gen_input_layer.ram_nn_layer_inst/gen_layer_neurons[16].neuron_ram_inst/out_actv_dout_o[7]_i_2__11_n_0  | gen_neural_network[0].gen_input_layer.ram_nn_layer_inst/gen_layer_neurons[16].neuron_ram_inst/out_actv_dout_o[7]_i_1__12_n_0 |                1 |              8 |         8.00 |
|  clk_i_IBUF_BUFG | gen_neural_network[0].gen_input_layer.ram_nn_layer_inst/gen_layer_neurons[12].neuron_ram_inst/out_actv_dout_o[7]_i_2__10_n_0  | gen_neural_network[0].gen_input_layer.ram_nn_layer_inst/gen_layer_neurons[12].neuron_ram_inst/out_actv_dout_o[7]_i_1__11_n_0 |                4 |              8 |         2.00 |
|  clk_i_IBUF_BUFG | gen_neural_network[2].gen_hidden_layer.ram_nn_layer_inst/gen_layer_neurons[0].neuron_ram_inst/FSM_onehot_state[7]_i_1__40_n_0 | reset_i_IBUF                                                                                                                 |                2 |              8 |         4.00 |
|  clk_i_IBUF_BUFG | gen_neural_network[0].gen_input_layer.ram_nn_layer_inst/gen_layer_neurons[16].neuron_ram_inst/FSM_onehot_state[7]_i_1__15_n_0 | reset_i_IBUF                                                                                                                 |                2 |              8 |         4.00 |
|  clk_i_IBUF_BUFG | gen_neural_network[0].gen_input_layer.ram_nn_layer_inst/gen_layer_neurons[15].neuron_ram_inst/out_actv_dout_o[7]_i_2__30_n_0  | gen_neural_network[0].gen_input_layer.ram_nn_layer_inst/gen_layer_neurons[15].neuron_ram_inst/out_actv_dout_o[7]_i_1__30_n_0 |                2 |              8 |         4.00 |
|  clk_i_IBUF_BUFG | gen_neural_network[0].gen_input_layer.ram_nn_layer_inst/gen_layer_neurons[13].neuron_ram_inst/FSM_onehot_state[7]_i_1__12_n_0 | reset_i_IBUF                                                                                                                 |                2 |              8 |         4.00 |
|  clk_i_IBUF_BUFG | gen_neural_network[0].gen_input_layer.ram_nn_layer_inst/gen_layer_neurons[15].neuron_ram_inst/FSM_onehot_state[7]_i_1__14_n_0 | reset_i_IBUF                                                                                                                 |                2 |              8 |         4.00 |
|  clk_i_IBUF_BUFG | gen_neural_network[2].gen_hidden_layer.ram_nn_layer_inst/mul_inst/val[7]_i_1__1_n_0                                           | reset_i_IBUF                                                                                                                 |                3 |              8 |         2.67 |
|  clk_i_IBUF_BUFG | gen_neural_network[0].gen_input_layer.ram_nn_layer_inst/gen_layer_neurons[14].neuron_ram_inst/out_actv_dout_o[7]_i_2__23_n_0  | gen_neural_network[0].gen_input_layer.ram_nn_layer_inst/gen_layer_neurons[14].neuron_ram_inst/out_actv_dout_o[7]_i_1__23_n_0 |                1 |              8 |         8.00 |
|  clk_i_IBUF_BUFG | gen_neural_network[0].gen_input_layer.ram_nn_layer_inst/gen_layer_neurons[13].neuron_ram_inst/out_actv_dout_o[7]_i_2__4_n_0   | gen_neural_network[0].gen_input_layer.ram_nn_layer_inst/gen_layer_neurons[13].neuron_ram_inst/out_actv_dout_o[7]_i_1__5_n_0  |                2 |              8 |         4.00 |
|  clk_i_IBUF_BUFG | gen_neural_network[0].gen_input_layer.ram_nn_layer_inst/gen_layer_neurons[14].neuron_ram_inst/FSM_onehot_state[7]_i_1__13_n_0 | reset_i_IBUF                                                                                                                 |                3 |              8 |         2.67 |
|  clk_i_IBUF_BUFG | gen_neural_network[1].gen_hidden_layer.ram_nn_layer_inst/gen_layer_neurons[1].neuron_ram_inst/FSM_onehot_state[7]_i_1__37_n_0 | reset_i_IBUF                                                                                                                 |                3 |              8 |         2.67 |
|  clk_i_IBUF_BUFG | gen_neural_network[0].gen_input_layer.ram_nn_layer_inst/gen_layer_neurons[23].neuron_ram_inst/FSM_onehot_state[7]_i_1__22_n_0 | reset_i_IBUF                                                                                                                 |                2 |              8 |         4.00 |
|  clk_i_IBUF_BUFG | gen_neural_network[1].gen_hidden_layer.ram_nn_layer_inst/gen_layer_neurons[0].neuron_ram_inst/out_actv_dout_o[7]_i_2__40_n_0  | gen_neural_network[1].gen_hidden_layer.ram_nn_layer_inst/gen_layer_neurons[0].neuron_ram_inst/out_actv_dout_o[7]_i_1__36_n_0 |                2 |              8 |         4.00 |
|  clk_i_IBUF_BUFG | gen_neural_network[0].gen_input_layer.ram_nn_layer_inst/gen_layer_neurons[11].neuron_ram_inst/FSM_onehot_state[7]_i_1__10_n_0 | reset_i_IBUF                                                                                                                 |                2 |              8 |         4.00 |
|  clk_i_IBUF_BUFG | gen_neural_network[0].gen_input_layer.ram_nn_layer_inst/gen_layer_neurons[22].neuron_ram_inst/out_actv_dout_o[7]_i_2__21_n_0  | gen_neural_network[0].gen_input_layer.ram_nn_layer_inst/gen_layer_neurons[22].neuron_ram_inst/out_actv_dout_o[7]_i_1__21_n_0 |                2 |              8 |         4.00 |
|  clk_i_IBUF_BUFG | gen_neural_network[0].gen_input_layer.ram_nn_layer_inst/gen_layer_neurons[22].neuron_ram_inst/FSM_onehot_state[7]_i_1__21_n_0 | reset_i_IBUF                                                                                                                 |                3 |              8 |         2.67 |
|  clk_i_IBUF_BUFG | gen_neural_network[0].gen_input_layer.ram_nn_layer_inst/gen_layer_neurons[21].neuron_ram_inst/out_actv_dout_o[7]_i_2__2_n_0   | gen_neural_network[0].gen_input_layer.ram_nn_layer_inst/gen_layer_neurons[21].neuron_ram_inst/out_actv_dout_o[7]_i_1__3_n_0  |                2 |              8 |         4.00 |
|  clk_i_IBUF_BUFG | gen_neural_network[0].gen_input_layer.ram_nn_layer_inst/gen_layer_neurons[23].neuron_ram_inst/out_actv_dout_o[7]_i_2__32_n_0  | gen_neural_network[0].gen_input_layer.ram_nn_layer_inst/gen_layer_neurons[23].neuron_ram_inst/out_actv_dout_o[7]_i_1__32_n_0 |                2 |              8 |         4.00 |
|  clk_i_IBUF_BUFG | gen_neural_network[0].gen_input_layer.ram_nn_layer_inst/gen_layer_neurons[21].neuron_ram_inst/FSM_onehot_state[7]_i_1__20_n_0 | reset_i_IBUF                                                                                                                 |                2 |              8 |         4.00 |
|  clk_i_IBUF_BUFG | gen_neural_network[1].gen_hidden_layer.ram_nn_layer_inst/gen_layer_neurons[0].neuron_ram_inst/FSM_onehot_state[7]_i_1__36_n_0 | reset_i_IBUF                                                                                                                 |                2 |              8 |         4.00 |
|  clk_i_IBUF_BUFG | gen_neural_network[1].gen_hidden_layer.ram_nn_layer_inst/gen_layer_neurons[1].neuron_ram_inst/out_actv_dout_o[7]_i_2__39_n_0  | gen_neural_network[1].gen_hidden_layer.ram_nn_layer_inst/gen_layer_neurons[1].neuron_ram_inst/out_actv_dout_o[7]_i_1__37_n_0 |                3 |              8 |         2.67 |
|  clk_i_IBUF_BUFG | gen_neural_network[1].gen_hidden_layer.ram_nn_layer_inst/mul_inst/val[7]_i_1__0_n_0                                           | reset_i_IBUF                                                                                                                 |                2 |              8 |         4.00 |
|  clk_i_IBUF_BUFG | gen_neural_network[0].gen_input_layer.ram_nn_layer_inst/gen_layer_neurons[3].neuron_ram_inst/out_actv_dout_o[7]_i_2__27_n_0   | gen_neural_network[0].gen_input_layer.ram_nn_layer_inst/gen_layer_neurons[3].neuron_ram_inst/out_actv_dout_o[7]_i_1__27_n_0  |                3 |              8 |         2.67 |
|  clk_i_IBUF_BUFG | gen_neural_network[0].gen_input_layer.ram_nn_layer_inst/gen_layer_neurons[24].neuron_ram_inst/FSM_onehot_state[7]_i_1__23_n_0 | reset_i_IBUF                                                                                                                 |                3 |              8 |         2.67 |
|  clk_i_IBUF_BUFG | gen_neural_network[1].gen_hidden_layer.ram_nn_layer_inst/mul_inst/prod[11]_i_1__0_n_0                                         |                                                                                                                              |                4 |             12 |         3.00 |
|  clk_i_IBUF_BUFG | gen_neural_network[2].gen_hidden_layer.ram_nn_layer_inst/mul_inst/prod[11]_i_1__1_n_0                                         |                                                                                                                              |                4 |             12 |         3.00 |
|  clk_i_IBUF_BUFG | gen_neural_network[0].gen_input_layer.ram_nn_layer_inst/mul_inst/prod[11]_i_1_n_0                                             |                                                                                                                              |                4 |             12 |         3.00 |
|  clk_i_IBUF_BUFG | gen_neural_network[0].gen_input_layer.ram_nn_layer_inst/mul_inst/prod_t[7]_i_1_n_0                                            |                                                                                                                              |                4 |             13 |         3.25 |
|  clk_i_IBUF_BUFG | gen_neural_network[2].gen_hidden_layer.ram_nn_layer_inst/mul_inst/prod_t[7]_i_1__1_n_0                                        |                                                                                                                              |                3 |             13 |         4.33 |
|  clk_i_IBUF_BUFG | gen_neural_network[1].gen_hidden_layer.ram_nn_layer_inst/mul_inst/prod_t[7]_i_1__0_n_0                                        |                                                                                                                              |                4 |             13 |         3.25 |
|  clk_i_IBUF_BUFG | gen_neural_network[2].gen_hidden_layer.ram_nn_layer_inst/mult_arbiter_inst/CEA2                                               |                                                                                                                              |                4 |             14 |         3.50 |
|  clk_i_IBUF_BUFG | gen_neural_network[1].gen_hidden_layer.ram_nn_layer_inst/mult_arbiter_inst/CEA2                                               |                                                                                                                              |                5 |             14 |         2.80 |
|  clk_i_IBUF_BUFG | gen_neural_network[0].gen_input_layer.ram_nn_layer_inst/mul_inst/CEA2                                                         |                                                                                                                              |                8 |             14 |         1.75 |
|  clk_i_IBUF_BUFG | gen_neural_network[2].gen_hidden_layer.ram_nn_layer_inst/gen_layer_neurons[2].neuron_ram_inst/sum                             | reset_i_IBUF                                                                                                                 |                4 |             16 |         4.00 |
|  clk_i_IBUF_BUFG | gen_neural_network[0].gen_input_layer.ram_nn_layer_inst/gen_layer_neurons[7].neuron_ram_inst/mult_a_o[7]_i_1__28_n_0          |                                                                                                                              |                6 |             16 |         2.67 |
|  clk_i_IBUF_BUFG | gen_neural_network[1].gen_hidden_layer.ram_nn_layer_inst/gen_layer_neurons[0].neuron_ram_inst/mult_a_o[7]_i_1__38_n_0         |                                                                                                                              |                4 |             16 |         4.00 |
|  clk_i_IBUF_BUFG | gen_neural_network[1].gen_hidden_layer.ram_nn_layer_inst/gen_layer_neurons[0].neuron_ram_inst/sum                             | reset_i_IBUF                                                                                                                 |                4 |             16 |         4.00 |
|  clk_i_IBUF_BUFG | gen_neural_network[2].gen_hidden_layer.ram_nn_layer_inst/gen_layer_neurons[1].neuron_ram_inst/mult_a_o[7]_i_1__36_n_0         |                                                                                                                              |                5 |             16 |         3.20 |
|  clk_i_IBUF_BUFG | gen_neural_network[0].gen_input_layer.ram_nn_layer_inst/gen_layer_neurons[6].neuron_ram_inst/sum                              | reset_i_IBUF                                                                                                                 |                4 |             16 |         4.00 |
|  clk_i_IBUF_BUFG | gen_neural_network[0].gen_input_layer.ram_nn_layer_inst/gen_layer_neurons[10].neuron_ram_inst/sum                             | reset_i_IBUF                                                                                                                 |                4 |             16 |         4.00 |
|  clk_i_IBUF_BUFG | gen_neural_network[1].gen_hidden_layer.ram_nn_layer_inst/gen_layer_neurons[1].neuron_ram_inst/sum                             | reset_i_IBUF                                                                                                                 |                4 |             16 |         4.00 |
|  clk_i_IBUF_BUFG | gen_neural_network[0].gen_input_layer.ram_nn_layer_inst/gen_layer_neurons[9].neuron_ram_inst/sum                              | reset_i_IBUF                                                                                                                 |                4 |             16 |         4.00 |
|  clk_i_IBUF_BUFG | gen_neural_network[1].gen_hidden_layer.ram_nn_layer_inst/gen_layer_neurons[2].neuron_ram_inst/mult_a_o[7]_i_1__37_n_0         |                                                                                                                              |                6 |             16 |         2.67 |
|  clk_i_IBUF_BUFG | gen_neural_network[2].gen_hidden_layer.ram_nn_layer_inst/gen_layer_neurons[2].neuron_ram_inst/mult_a_o[7]_i_1__41_n_0         |                                                                                                                              |                5 |             16 |         3.20 |
|  clk_i_IBUF_BUFG | gen_neural_network[0].gen_input_layer.ram_nn_layer_inst/gen_layer_neurons[10].neuron_ram_inst/mult_a_o[7]_i_1__24_n_0         |                                                                                                                              |                6 |             16 |         2.67 |
|  clk_i_IBUF_BUFG | gen_neural_network[0].gen_input_layer.ram_nn_layer_inst/gen_layer_neurons[9].neuron_ram_inst/mult_a_o[7]_i_1__5_n_0           |                                                                                                                              |               12 |             16 |         1.33 |
|  clk_i_IBUF_BUFG | gen_neural_network[1].gen_hidden_layer.ram_nn_layer_inst/gen_layer_neurons[1].neuron_ram_inst/mult_a_o[7]_i_1__39_n_0         |                                                                                                                              |                4 |             16 |         4.00 |
|  clk_i_IBUF_BUFG | gen_neural_network[1].gen_hidden_layer.ram_nn_layer_inst/gen_layer_neurons[2].neuron_ram_inst/sum                             | reset_i_IBUF                                                                                                                 |                4 |             16 |         4.00 |
|  clk_i_IBUF_BUFG | gen_neural_network[2].gen_hidden_layer.ram_nn_layer_inst/gen_layer_neurons[0].neuron_ram_inst/mult_a_o[7]_i_1__40_n_0         |                                                                                                                              |                5 |             16 |         3.20 |
|  clk_i_IBUF_BUFG | gen_neural_network[0].gen_input_layer.ram_nn_layer_inst/gen_layer_neurons[8].neuron_ram_inst/sum                              | reset_i_IBUF                                                                                                                 |                4 |             16 |         4.00 |
|  clk_i_IBUF_BUFG | gen_neural_network[2].gen_hidden_layer.ram_nn_layer_inst/gen_layer_neurons[3].neuron_ram_inst/sum                             | reset_i_IBUF                                                                                                                 |                4 |             16 |         4.00 |
|  clk_i_IBUF_BUFG | gen_neural_network[0].gen_input_layer.ram_nn_layer_inst/gen_layer_neurons[8].neuron_ram_inst/mult_a_o[7]_i_1__9_n_0           |                                                                                                                              |                9 |             16 |         1.78 |
|  clk_i_IBUF_BUFG | gen_neural_network[2].gen_hidden_layer.ram_nn_layer_inst/gen_layer_neurons[1].neuron_ram_inst/sum                             | reset_i_IBUF                                                                                                                 |                4 |             16 |         4.00 |
|  clk_i_IBUF_BUFG | gen_neural_network[2].gen_hidden_layer.ram_nn_layer_inst/gen_layer_neurons[0].neuron_ram_inst/sum                             | reset_i_IBUF                                                                                                                 |                4 |             16 |         4.00 |
|  clk_i_IBUF_BUFG | gen_neural_network[1].gen_hidden_layer.ram_nn_layer_inst/gen_layer_neurons[3].neuron_ram_inst/sum                             | reset_i_IBUF                                                                                                                 |                4 |             16 |         4.00 |
|  clk_i_IBUF_BUFG | gen_neural_network[0].gen_input_layer.ram_nn_layer_inst/gen_layer_neurons[7].neuron_ram_inst/sum                              | reset_i_IBUF                                                                                                                 |                4 |             16 |         4.00 |
|  clk_i_IBUF_BUFG | gen_neural_network[0].gen_input_layer.ram_nn_layer_inst/gen_layer_neurons[20].neuron_ram_inst/mult_a_o[7]_i_1__12_n_0         |                                                                                                                              |                5 |             16 |         3.20 |
|  clk_i_IBUF_BUFG | gen_neural_network[0].gen_input_layer.ram_nn_layer_inst/gen_layer_neurons[16].neuron_ram_inst/mult_a_o[7]_i_1__11_n_0         |                                                                                                                              |                8 |             16 |         2.00 |
|  clk_i_IBUF_BUFG | gen_neural_network[0].gen_input_layer.ram_nn_layer_inst/gen_layer_neurons[16].neuron_ram_inst/sum                             | reset_i_IBUF                                                                                                                 |                4 |             16 |         4.00 |
|  clk_i_IBUF_BUFG | gen_neural_network[0].gen_input_layer.ram_nn_layer_inst/gen_layer_neurons[17].neuron_ram_inst/mult_a_o[7]_i_1__3_n_0          |                                                                                                                              |                6 |             16 |         2.67 |
|  clk_i_IBUF_BUFG | gen_neural_network[0].gen_input_layer.ram_nn_layer_inst/gen_layer_neurons[17].neuron_ram_inst/sum                             | reset_i_IBUF                                                                                                                 |                4 |             16 |         4.00 |
|  clk_i_IBUF_BUFG | gen_neural_network[0].gen_input_layer.ram_nn_layer_inst/gen_layer_neurons[18].neuron_ram_inst/mult_a_o[7]_i_1__22_n_0         |                                                                                                                              |                6 |             16 |         2.67 |
|  clk_i_IBUF_BUFG | gen_neural_network[0].gen_input_layer.ram_nn_layer_inst/gen_layer_neurons[18].neuron_ram_inst/sum                             | reset_i_IBUF                                                                                                                 |                4 |             16 |         4.00 |
|  clk_i_IBUF_BUFG | gen_neural_network[0].gen_input_layer.ram_nn_layer_inst/gen_layer_neurons[19].neuron_ram_inst/mult_a_o[7]_i_1__31_n_0         |                                                                                                                              |                5 |             16 |         3.20 |
|  clk_i_IBUF_BUFG | gen_neural_network[0].gen_input_layer.ram_nn_layer_inst/gen_layer_neurons[19].neuron_ram_inst/sum                             | reset_i_IBUF                                                                                                                 |                4 |             16 |         4.00 |
|  clk_i_IBUF_BUFG | gen_neural_network[0].gen_input_layer.ram_nn_layer_inst/gen_layer_neurons[15].neuron_ram_inst/sum                             | reset_i_IBUF                                                                                                                 |                4 |             16 |         4.00 |
|  clk_i_IBUF_BUFG | gen_neural_network[0].gen_input_layer.ram_nn_layer_inst/gen_layer_neurons[20].neuron_ram_inst/sum                             | reset_i_IBUF                                                                                                                 |                4 |             16 |         4.00 |
|  clk_i_IBUF_BUFG | gen_neural_network[0].gen_input_layer.ram_nn_layer_inst/gen_layer_neurons[3].neuron_ram_inst/mult_a_o[7]_i_1__27_n_0          |                                                                                                                              |                6 |             16 |         2.67 |
|  clk_i_IBUF_BUFG | gen_neural_network[0].gen_input_layer.ram_nn_layer_inst/gen_layer_neurons[3].neuron_ram_inst/sum                              | reset_i_IBUF                                                                                                                 |                4 |             16 |         4.00 |
|  clk_i_IBUF_BUFG | gen_neural_network[0].gen_input_layer.ram_nn_layer_inst/gen_layer_neurons[21].neuron_ram_inst/mult_a_o[7]_i_1__2_n_0          |                                                                                                                              |                8 |             16 |         2.00 |
|  clk_i_IBUF_BUFG | gen_neural_network[0].gen_input_layer.ram_nn_layer_inst/gen_layer_neurons[21].neuron_ram_inst/sum                             | reset_i_IBUF                                                                                                                 |                4 |             16 |         4.00 |
|  clk_i_IBUF_BUFG | gen_neural_network[0].gen_input_layer.ram_nn_layer_inst/gen_layer_neurons[22].neuron_ram_inst/mult_a_o[7]_i_1__21_n_0         |                                                                                                                              |                5 |             16 |         3.20 |
|  clk_i_IBUF_BUFG | gen_neural_network[0].gen_input_layer.ram_nn_layer_inst/gen_layer_neurons[22].neuron_ram_inst/sum                             | reset_i_IBUF                                                                                                                 |                4 |             16 |         4.00 |
|  clk_i_IBUF_BUFG | gen_neural_network[0].gen_input_layer.ram_nn_layer_inst/gen_layer_neurons[5].neuron_ram_inst/sum                              | reset_i_IBUF                                                                                                                 |                4 |             16 |         4.00 |
|  clk_i_IBUF_BUFG | gen_neural_network[0].gen_input_layer.ram_nn_layer_inst/gen_layer_neurons[15].neuron_ram_inst/mult_a_o[7]_i_1__30_n_0         |                                                                                                                              |                6 |             16 |         2.67 |
|  clk_i_IBUF_BUFG | gen_neural_network[0].gen_input_layer.ram_nn_layer_inst/gen_layer_neurons[14].neuron_ram_inst/sum                             | reset_i_IBUF                                                                                                                 |                4 |             16 |         4.00 |
|  clk_i_IBUF_BUFG | gen_neural_network[0].gen_input_layer.ram_nn_layer_inst/gen_layer_neurons[14].neuron_ram_inst/mult_a_o[7]_i_1__23_n_0         |                                                                                                                              |                9 |             16 |         1.78 |
|  clk_i_IBUF_BUFG | gen_neural_network[0].gen_input_layer.ram_nn_layer_inst/gen_layer_neurons[13].neuron_ram_inst/sum                             | reset_i_IBUF                                                                                                                 |                4 |             16 |         4.00 |
|  clk_i_IBUF_BUFG | gen_neural_network[0].gen_input_layer.ram_nn_layer_inst/gen_layer_neurons[13].neuron_ram_inst/mult_a_o[7]_i_1__4_n_0          |                                                                                                                              |                7 |             16 |         2.29 |
|  clk_i_IBUF_BUFG | gen_neural_network[0].gen_input_layer.ram_nn_layer_inst/gen_layer_neurons[12].neuron_ram_inst/sum                             | reset_i_IBUF                                                                                                                 |                4 |             16 |         4.00 |
|  clk_i_IBUF_BUFG | gen_neural_network[0].gen_input_layer.ram_nn_layer_inst/gen_layer_neurons[12].neuron_ram_inst/mult_a_o[7]_i_1__10_n_0         |                                                                                                                              |               10 |             16 |         1.60 |
|  clk_i_IBUF_BUFG | gen_neural_network[0].gen_input_layer.ram_nn_layer_inst/gen_layer_neurons[11].neuron_ram_inst/sum                             | reset_i_IBUF                                                                                                                 |                4 |             16 |         4.00 |
|  clk_i_IBUF_BUFG | gen_neural_network[0].gen_input_layer.ram_nn_layer_inst/gen_layer_neurons[11].neuron_ram_inst/mult_a_o[7]_i_1__29_n_0         |                                                                                                                              |                6 |             16 |         2.67 |
|  clk_i_IBUF_BUFG | gen_neural_network[0].gen_input_layer.ram_nn_layer_inst/gen_layer_neurons[2].neuron_ram_inst/sum                              | reset_i_IBUF                                                                                                                 |                4 |             16 |         4.00 |
|  clk_i_IBUF_BUFG | gen_neural_network[0].gen_input_layer.ram_nn_layer_inst/gen_layer_neurons[2].neuron_ram_inst/mult_a_o[7]_i_1__26_n_0          |                                                                                                                              |                5 |             16 |         3.20 |
|  clk_i_IBUF_BUFG | gen_neural_network[0].gen_input_layer.ram_nn_layer_inst/gen_layer_neurons[1].neuron_ram_inst/sum                              | reset_i_IBUF                                                                                                                 |                4 |             16 |         4.00 |
|  clk_i_IBUF_BUFG | gen_neural_network[0].gen_input_layer.ram_nn_layer_inst/gen_layer_neurons[1].neuron_ram_inst/mult_a_o[7]_i_1__7_n_0           |                                                                                                                              |                9 |             16 |         1.78 |
|  clk_i_IBUF_BUFG | gen_neural_network[0].gen_input_layer.ram_nn_layer_inst/gen_layer_neurons[0].neuron_ram_inst/sum                              | reset_i_IBUF                                                                                                                 |                4 |             16 |         4.00 |
|  clk_i_IBUF_BUFG | gen_neural_network[0].gen_input_layer.ram_nn_layer_inst/gen_layer_neurons[0].neuron_ram_inst/mult_a_o[7]_i_1__17_n_0          |                                                                                                                              |                7 |             16 |         2.29 |
|  clk_i_IBUF_BUFG | gen_neural_network[0].gen_input_layer.ram_nn_layer_inst/gen_layer_neurons[23].neuron_ram_inst/sum                             | reset_i_IBUF                                                                                                                 |                4 |             16 |         4.00 |
|  clk_i_IBUF_BUFG | gen_neural_network[0].gen_input_layer.ram_nn_layer_inst/gen_layer_neurons[6].neuron_ram_inst/mult_a_o[7]_i_1__25_n_0          |                                                                                                                              |                5 |             16 |         3.20 |
|  clk_i_IBUF_BUFG | gen_neural_network[0].gen_input_layer.ram_nn_layer_inst/gen_layer_neurons[5].neuron_ram_inst/mult_a_o[7]_i_1__6_n_0           |                                                                                                                              |                6 |             16 |         2.67 |
|  clk_i_IBUF_BUFG | gen_neural_network[0].gen_input_layer.ram_nn_layer_inst/gen_layer_neurons[36].neuron_ram_inst/sum                             | reset_i_IBUF                                                                                                                 |                4 |             16 |         4.00 |
|  clk_i_IBUF_BUFG | gen_neural_network[0].gen_input_layer.ram_nn_layer_inst/gen_layer_neurons[36].neuron_ram_inst/mult_a_o[7]_i_1__16_n_0         |                                                                                                                              |                7 |             16 |         2.29 |
|  clk_i_IBUF_BUFG | gen_neural_network[0].gen_input_layer.ram_nn_layer_inst/gen_layer_neurons[35].neuron_ram_inst/sum                             | reset_i_IBUF                                                                                                                 |                4 |             16 |         4.00 |
|  clk_i_IBUF_BUFG | gen_neural_network[0].gen_input_layer.ram_nn_layer_inst/gen_layer_neurons[35].neuron_ram_inst/mult_a_o[7]_i_1__35_n_0         |                                                                                                                              |               12 |             16 |         1.33 |
|  clk_i_IBUF_BUFG | gen_neural_network[0].gen_input_layer.ram_nn_layer_inst/gen_layer_neurons[34].neuron_ram_inst/sum                             | reset_i_IBUF                                                                                                                 |                4 |             16 |         4.00 |
|  clk_i_IBUF_BUFG | gen_neural_network[0].gen_input_layer.ram_nn_layer_inst/gen_layer_neurons[34].neuron_ram_inst/mult_a_o[7]_i_1__18_n_0         |                                                                                                                              |                8 |             16 |         2.00 |
|  clk_i_IBUF_BUFG | gen_neural_network[0].gen_input_layer.ram_nn_layer_inst/gen_layer_neurons[33].neuron_ram_inst/sum                             | reset_i_IBUF                                                                                                                 |                4 |             16 |         4.00 |
|  clk_i_IBUF_BUFG | gen_neural_network[0].gen_input_layer.ram_nn_layer_inst/gen_layer_neurons[33].neuron_ram_inst/mult_a_o[7]_i_1_n_0             |                                                                                                                              |                8 |             16 |         2.00 |
|  clk_i_IBUF_BUFG | gen_neural_network[0].gen_input_layer.ram_nn_layer_inst/gen_layer_neurons[32].neuron_ram_inst/sum                             | reset_i_IBUF                                                                                                                 |                4 |             16 |         4.00 |
|  clk_i_IBUF_BUFG | gen_neural_network[0].gen_input_layer.ram_nn_layer_inst/gen_layer_neurons[32].neuron_ram_inst/mult_a_o[7]_i_1__15_n_0         |                                                                                                                              |                7 |             16 |         2.29 |
|  clk_i_IBUF_BUFG | gen_neural_network[0].gen_input_layer.ram_nn_layer_inst/gen_layer_neurons[31].neuron_ram_inst/sum                             | reset_i_IBUF                                                                                                                 |                4 |             16 |         4.00 |
|  clk_i_IBUF_BUFG | gen_neural_network[0].gen_input_layer.ram_nn_layer_inst/gen_layer_neurons[31].neuron_ram_inst/mult_a_o[7]_i_1__34_n_0         |                                                                                                                              |               13 |             16 |         1.23 |
|  clk_i_IBUF_BUFG | gen_neural_network[0].gen_input_layer.ram_nn_layer_inst/gen_layer_neurons[4].neuron_ram_inst/sum                              | reset_i_IBUF                                                                                                                 |                4 |             16 |         4.00 |
|  clk_i_IBUF_BUFG | gen_neural_network[0].gen_input_layer.ram_nn_layer_inst/gen_layer_neurons[30].neuron_ram_inst/sum                             | reset_i_IBUF                                                                                                                 |                4 |             16 |         4.00 |
|  clk_i_IBUF_BUFG | gen_neural_network[0].gen_input_layer.ram_nn_layer_inst/gen_layer_neurons[23].neuron_ram_inst/mult_a_o[7]_i_1__32_n_0         |                                                                                                                              |                6 |             16 |         2.67 |
|  clk_i_IBUF_BUFG | gen_neural_network[0].gen_input_layer.ram_nn_layer_inst/gen_layer_neurons[24].neuron_ram_inst/mult_a_o[7]_i_1__13_n_0         |                                                                                                                              |               10 |             16 |         1.60 |
|  clk_i_IBUF_BUFG | gen_neural_network[0].gen_input_layer.ram_nn_layer_inst/gen_layer_neurons[24].neuron_ram_inst/sum                             | reset_i_IBUF                                                                                                                 |                4 |             16 |         4.00 |
|  clk_i_IBUF_BUFG | gen_neural_network[0].gen_input_layer.ram_nn_layer_inst/gen_layer_neurons[25].neuron_ram_inst/mult_a_o[7]_i_1__1_n_0          |                                                                                                                              |                9 |             16 |         1.78 |
|  clk_i_IBUF_BUFG | gen_neural_network[0].gen_input_layer.ram_nn_layer_inst/gen_layer_neurons[25].neuron_ram_inst/sum                             | reset_i_IBUF                                                                                                                 |                4 |             16 |         4.00 |
|  clk_i_IBUF_BUFG | gen_neural_network[0].gen_input_layer.ram_nn_layer_inst/gen_layer_neurons[26].neuron_ram_inst/mult_a_o[7]_i_1__20_n_0         |                                                                                                                              |                6 |             16 |         2.67 |
|  clk_i_IBUF_BUFG | gen_neural_network[0].gen_input_layer.ram_nn_layer_inst/gen_layer_neurons[26].neuron_ram_inst/sum                             | reset_i_IBUF                                                                                                                 |                4 |             16 |         4.00 |
|  clk_i_IBUF_BUFG | gen_neural_network[0].gen_input_layer.ram_nn_layer_inst/gen_layer_neurons[27].neuron_ram_inst/mult_a_o[7]_i_1__33_n_0         |                                                                                                                              |                9 |             16 |         1.78 |
|  clk_i_IBUF_BUFG | gen_neural_network[0].gen_input_layer.ram_nn_layer_inst/gen_layer_neurons[27].neuron_ram_inst/sum                             | reset_i_IBUF                                                                                                                 |                4 |             16 |         4.00 |
|  clk_i_IBUF_BUFG | gen_neural_network[0].gen_input_layer.ram_nn_layer_inst/gen_layer_neurons[28].neuron_ram_inst/mult_a_o[7]_i_1__14_n_0         |                                                                                                                              |               10 |             16 |         1.60 |
|  clk_i_IBUF_BUFG | gen_neural_network[0].gen_input_layer.ram_nn_layer_inst/gen_layer_neurons[28].neuron_ram_inst/sum                             | reset_i_IBUF                                                                                                                 |                4 |             16 |         4.00 |
|  clk_i_IBUF_BUFG | gen_neural_network[0].gen_input_layer.ram_nn_layer_inst/gen_layer_neurons[29].neuron_ram_inst/mult_a_o[7]_i_1__0_n_0          |                                                                                                                              |               11 |             16 |         1.45 |
|  clk_i_IBUF_BUFG | gen_neural_network[0].gen_input_layer.ram_nn_layer_inst/gen_layer_neurons[29].neuron_ram_inst/sum                             | reset_i_IBUF                                                                                                                 |                4 |             16 |         4.00 |
|  clk_i_IBUF_BUFG | gen_neural_network[0].gen_input_layer.ram_nn_layer_inst/gen_layer_neurons[30].neuron_ram_inst/mult_a_o[7]_i_1__19_n_0         |                                                                                                                              |               12 |             16 |         1.33 |
|  clk_i_IBUF_BUFG | gen_neural_network[0].gen_input_layer.ram_nn_layer_inst/gen_layer_neurons[4].neuron_ram_inst/mult_a_o[7]_i_1__8_n_0           |                                                                                                                              |                4 |             16 |         4.00 |
|  clk_i_IBUF_BUFG | gen_neural_network[0].gen_input_layer.ram_nn_layer_inst/wgt_arbiter_inst/token                                                | reset_i_IBUF                                                                                                                 |               32 |             37 |         1.16 |
|  clk_i_IBUF_BUFG | gen_neural_network[0].gen_input_layer.ram_nn_layer_inst/actv_i_arbiter_inst/token                                             | reset_i_IBUF                                                                                                                 |               34 |             37 |         1.09 |
|  clk_i_IBUF_BUFG | gen_neural_network[0].gen_input_layer.ram_nn_layer_inst/mult_arbiter_inst/token                                               | reset_i_IBUF                                                                                                                 |               34 |             37 |         1.09 |
|  clk_i_IBUF_BUFG | gen_neural_network[0].gen_input_layer.ram_nn_layer_inst/actv_o_arbiter_inst/token                                             | reset_i_IBUF                                                                                                                 |               35 |             37 |         1.06 |
|  clk_i_IBUF_BUFG |                                                                                                                               | reset_i_IBUF                                                                                                                 |              105 |            193 |         1.84 |
|  clk_i_IBUF_BUFG |                                                                                                                               |                                                                                                                              |              176 |            338 |         1.92 |
+------------------+-------------------------------------------------------------------------------------------------------------------------------+------------------------------------------------------------------------------------------------------------------------------+------------------+----------------+--------------+


