#-----------------------------------------------------------
# Vivado v2023.2 (64-bit)
# SW Build 4029153 on Fri Oct 13 20:13:54 MDT 2023
# IP Build 4028589 on Sat Oct 14 00:45:43 MDT 2023
# SharedData Build 4025554 on Tue Oct 10 17:18:54 MDT 2023
# Start of session at: Sat Dec 16 20:46:49 2023
# Process ID: 282452
# Current directory: /home/idris/projects/FPGA_VISION/NN_SHIFT/hardware/convo_2d/convo_2d.runs/system_wrapper_axi_gpio_0_1_synth_1
# Command line: vivado -log system_wrapper_axi_gpio_0_1.vds -product Vivado -mode batch -messageDb vivado.pb -notrace -source system_wrapper_axi_gpio_0_1.tcl
# Log file: /home/idris/projects/FPGA_VISION/NN_SHIFT/hardware/convo_2d/convo_2d.runs/system_wrapper_axi_gpio_0_1_synth_1/system_wrapper_axi_gpio_0_1.vds
# Journal file: /home/idris/projects/FPGA_VISION/NN_SHIFT/hardware/convo_2d/convo_2d.runs/system_wrapper_axi_gpio_0_1_synth_1/vivado.jou
# Running On: idris-HP-EliteBook-840-G3, OS: Linux, CPU Frequency: 2800.028 MHz, CPU Physical cores: 2, Host memory: 16640 MB
#-----------------------------------------------------------
source system_wrapper_axi_gpio_0_1.tcl -notrace
