#-----------------------------------------------------------
# Vivado v2023.2 (64-bit)
# SW Build 4029153 on Fri Oct 13 20:13:54 MDT 2023
# IP Build 4028589 on Sat Oct 14 00:45:43 MDT 2023
# SharedData Build 4025554 on Tue Oct 10 17:18:54 MDT 2023
# Start of session at: Sat Dec 16 20:43:24 2023
# Process ID: 281097
# Current directory: /home/idris/projects/FPGA_VISION/NN_SHIFT/hardware/convo_2d/convo_2d.runs/bd_07e0_axi_jtag_0_synth_1
# Command line: vivado -log bd_07e0_axi_jtag_0.vds -product Vivado -mode batch -messageDb vivado.pb -notrace -source bd_07e0_axi_jtag_0.tcl
# Log file: /home/idris/projects/FPGA_VISION/NN_SHIFT/hardware/convo_2d/convo_2d.runs/bd_07e0_axi_jtag_0_synth_1/bd_07e0_axi_jtag_0.vds
# Journal file: /home/idris/projects/FPGA_VISION/NN_SHIFT/hardware/convo_2d/convo_2d.runs/bd_07e0_axi_jtag_0_synth_1/vivado.jou
# Running On: idris-HP-EliteBook-840-G3, OS: Linux, CPU Frequency: 2900.001 MHz, CPU Physical cores: 2, Host memory: 16640 MB
#-----------------------------------------------------------
source bd_07e0_axi_jtag_0.tcl -notrace
